// Jest Snapshot v1, https://goo.gl/fbAQLP

exports[`Show.jsx <Show /> should render and match shapshot 1`] = `ShallowWrapper {}`;
